mode: atomic
github.com/example/ultimate-ci-cd-pipeline/cmd/server/main.go:22.13,24.16 2 0
github.com/example/ultimate-ci-cd-pipeline/cmd/server/main.go:24.16,27.3 2 0
github.com/example/ultimate-ci-cd-pipeline/cmd/server/main.go:29.2,68.12 17 0
github.com/example/ultimate-ci-cd-pipeline/cmd/server/main.go:68.12,75.13 5 0
github.com/example/ultimate-ci-cd-pipeline/cmd/server/main.go:75.13,77.53 2 0
github.com/example/ultimate-ci-cd-pipeline/cmd/server/main.go:77.53,80.5 2 0
github.com/example/ultimate-ci-cd-pipeline/cmd/server/main.go:83.3,83.54 1 0
github.com/example/ultimate-ci-cd-pipeline/cmd/server/main.go:83.54,85.4 1 0
github.com/example/ultimate-ci-cd-pipeline/cmd/server/main.go:86.3,86.18 1 0
github.com/example/ultimate-ci-cd-pipeline/cmd/server/main.go:89.2,90.79 2 0
github.com/example/ultimate-ci-cd-pipeline/cmd/server/main.go:90.79,93.3 2 0
github.com/example/ultimate-ci-cd-pipeline/cmd/server/main.go:95.2,96.36 2 0
github.com/example/ultimate-ci-cd-pipeline/internal/model/order.go:34.47,35.77 1 0
github.com/example/ultimate-ci-cd-pipeline/internal/model/order.go:35.77,37.3 1 0
github.com/example/ultimate-ci-cd-pipeline/internal/model/order.go:38.2,38.12 1 0
github.com/example/ultimate-ci-cd-pipeline/internal/middleware/logging.go:14.49,17.2 2 0
github.com/example/ultimate-ci-cd-pipeline/internal/middleware/logging.go:20.73,21.46 1 0
github.com/example/ultimate-ci-cd-pipeline/internal/middleware/logging.go:21.46,22.72 1 0
github.com/example/ultimate-ci-cd-pipeline/internal/middleware/logging.go:22.72,37.4 5 0
github.com/example/ultimate-ci-cd-pipeline/internal/middleware/recovery.go:14.73,15.46 1 0
github.com/example/ultimate-ci-cd-pipeline/internal/middleware/recovery.go:15.46,16.72 1 0
github.com/example/ultimate-ci-cd-pipeline/internal/middleware/recovery.go:16.72,17.17 1 0
github.com/example/ultimate-ci-cd-pipeline/internal/middleware/recovery.go:17.17,18.37 1 0
github.com/example/ultimate-ci-cd-pipeline/internal/middleware/recovery.go:18.37,32.6 5 0
github.com/example/ultimate-ci-cd-pipeline/internal/middleware/recovery.go:35.4,35.24 1 0
github.com/example/ultimate-ci-cd-pipeline/internal/config/config.go:24.50,26.16 2 0
github.com/example/ultimate-ci-cd-pipeline/internal/config/config.go:26.16,28.3 1 0
github.com/example/ultimate-ci-cd-pipeline/internal/config/config.go:30.2,31.16 2 0
github.com/example/ultimate-ci-cd-pipeline/internal/config/config.go:31.16,33.3 1 0
github.com/example/ultimate-ci-cd-pipeline/internal/config/config.go:35.2,47.17 2 0
github.com/example/ultimate-ci-cd-pipeline/internal/config/config.go:50.42,51.63 1 0
github.com/example/ultimate-ci-cd-pipeline/internal/config/config.go:51.63,53.3 1 0
github.com/example/ultimate-ci-cd-pipeline/internal/config/config.go:54.2,54.17 1 0
github.com/example/ultimate-ci-cd-pipeline/internal/config/config.go:57.57,59.20 2 0
github.com/example/ultimate-ci-cd-pipeline/internal/config/config.go:59.20,61.3 1 0
github.com/example/ultimate-ci-cd-pipeline/internal/config/config.go:62.2,63.16 2 0
github.com/example/ultimate-ci-cd-pipeline/internal/config/config.go:63.16,65.3 1 0
github.com/example/ultimate-ci-cd-pipeline/internal/config/config.go:66.2,66.17 1 0
github.com/example/ultimate-ci-cd-pipeline/internal/logger/logger.go:10.45,13.32 2 0
github.com/example/ultimate-ci-cd-pipeline/internal/logger/logger.go:14.15,15.29 1 0
github.com/example/ultimate-ci-cd-pipeline/internal/logger/logger.go:16.25,17.28 1 0
github.com/example/ultimate-ci-cd-pipeline/internal/logger/logger.go:18.15,19.29 1 0
github.com/example/ultimate-ci-cd-pipeline/internal/logger/logger.go:20.10,21.28 1 0
github.com/example/ultimate-ci-cd-pipeline/internal/logger/logger.go:24.2,32.10 5 0
github.com/example/ultimate-ci-cd-pipeline/internal/service/order_service.go:24.54,39.2 3 3
github.com/example/ultimate-ci-cd-pipeline/internal/service/order_service.go:41.96,42.39 1 5
github.com/example/ultimate-ci-cd-pipeline/internal/service/order_service.go:42.39,44.3 1 1
github.com/example/ultimate-ci-cd-pipeline/internal/service/order_service.go:46.2,65.19 8 4
github.com/example/ultimate-ci-cd-pipeline/internal/service/order_service.go:68.74,73.13 4 2
github.com/example/ultimate-ci-cd-pipeline/internal/service/order_service.go:73.13,75.3 1 1
github.com/example/ultimate-ci-cd-pipeline/internal/service/order_service.go:77.2,77.19 1 1
github.com/example/ultimate-ci-cd-pipeline/internal/service/order_service.go:80.69,85.29 4 1
github.com/example/ultimate-ci-cd-pipeline/internal/service/order_service.go:85.29,87.3 1 1
github.com/example/ultimate-ci-cd-pipeline/internal/service/order_service.go:89.2,89.18 1 1
github.com/example/ultimate-ci-cd-pipeline/internal/handler/health.go:15.54,17.2 1 2
github.com/example/ultimate-ci-cd-pipeline/internal/handler/health.go:20.73,31.2 2 1
github.com/example/ultimate-ci-cd-pipeline/internal/handler/health.go:34.71,39.2 2 1
github.com/example/ultimate-ci-cd-pipeline/internal/handler/health.go:42.72,47.2 2 1
github.com/example/ultimate-ci-cd-pipeline/internal/handler/health.go:49.69,53.2 3 6
github.com/example/ultimate-ci-cd-pipeline/internal/handler/order.go:16.62,18.2 1 1
github.com/example/ultimate-ci-cd-pipeline/internal/handler/order.go:21.74,24.9 2 3
github.com/example/ultimate-ci-cd-pipeline/internal/handler/order.go:25.33,26.33 1 3
github.com/example/ultimate-ci-cd-pipeline/internal/handler/order.go:26.33,29.4 2 1
github.com/example/ultimate-ci-cd-pipeline/internal/handler/order.go:30.3,30.34 1 2
github.com/example/ultimate-ci-cd-pipeline/internal/handler/order.go:30.34,33.4 2 2
github.com/example/ultimate-ci-cd-pipeline/internal/handler/order.go:34.3,34.107 1 0
github.com/example/ultimate-ci-cd-pipeline/internal/handler/order.go:36.10,38.45 2 0
github.com/example/ultimate-ci-cd-pipeline/internal/handler/order.go:38.45,41.4 2 0
github.com/example/ultimate-ci-cd-pipeline/internal/handler/order.go:42.3,42.99 1 0
github.com/example/ultimate-ci-cd-pipeline/internal/handler/order.go:46.75,48.16 2 1
github.com/example/ultimate-ci-cd-pipeline/internal/handler/order.go:48.16,51.3 2 0
github.com/example/ultimate-ci-cd-pipeline/internal/handler/order.go:52.2,52.37 1 1
github.com/example/ultimate-ci-cd-pipeline/internal/handler/order.go:55.76,57.61 2 2
github.com/example/ultimate-ci-cd-pipeline/internal/handler/order.go:57.61,60.3 2 0
github.com/example/ultimate-ci-cd-pipeline/internal/handler/order.go:62.2,63.16 2 2
github.com/example/ultimate-ci-cd-pipeline/internal/handler/order.go:63.16,64.35 1 1
github.com/example/ultimate-ci-cd-pipeline/internal/handler/order.go:64.35,67.4 2 1
github.com/example/ultimate-ci-cd-pipeline/internal/handler/order.go:68.3,69.9 2 0
github.com/example/ultimate-ci-cd-pipeline/internal/handler/order.go:72.2,72.41 1 1
github.com/example/ultimate-ci-cd-pipeline/internal/handler/order.go:75.84,77.16 2 0
github.com/example/ultimate-ci-cd-pipeline/internal/handler/order.go:77.16,78.36 1 0
github.com/example/ultimate-ci-cd-pipeline/internal/handler/order.go:78.36,81.4 2 0
github.com/example/ultimate-ci-cd-pipeline/internal/handler/order.go:82.3,83.9 2 0
github.com/example/ultimate-ci-cd-pipeline/internal/handler/order.go:86.2,86.36 1 0
